
> lolly-agency@0.0.0 build
> tsc -b && vite build

src/components/Navbar.tsx(91,55): error TS6133: 'e' is declared but its value is never read.
